   Creating an optimized production build ...
 Ô£ô Compiled successfully
   Skipping linting
   Checking validity of types ...
   Collecting page data ...
node : unhandledRejection Error [PageNotFoundError]: Cannot find module for 
page: /_document
At line:1 char:1
+ node node_modules\next\dist\bin\next build > build_output.txt 2>&1; e ...
+ ~~~~~~~~~~~~~~~~~~~~~~~~~~~~~~~~~~~~~~~~~~~~~~~~~~~~~~~~~~~~~~~~~~
    + CategoryInfo          : NotSpecified: (unhandledReject...age: /_document 
   :String) [], RemoteException
    + FullyQualifiedErrorId : NativeCommandError
 
    at getPagePath 
(C:\Data\work\tassapay-crm\node_modules\next\dist\server\require.js:94:15)
    at requirePage 
(C:\Data\work\tassapay-crm\node_modules\next\dist\server\require.js:99:22)
    at C:\Data\work\tassapay-crm\node_modules\next\dist\server\load-components.
js:55:65
    at processTicksAndRejections (node:internal/process/task_queues:96:5)
    at async Promise.all (index 0)
    at async loadComponentsImpl (C:\Data\work\tassapay-crm\node_modules\next\di
st\server\load-components.js:54:33)
    at async Object.hasCustomGetInitialProps 
(C:\Data\work\tassapay-crm\node_modules\next\dist\build\utils.js:1176:24) {
  type: 'PageNotFoundError',
  code: 'ENOENT'
}
