   Creating an optimized production build ...
 Ô£ô Compiled successfully
   Linting and checking validity of types ...
node_modules\.bin\next.cmd :  Ô¿» ESLint: Failed to load config 
"next/typescript" to extend from. Referenced from: 
C:\Data\work\tassapay-crm\.eslintrc.json
At line:1 char:67
+ ... yContinue ; node_modules\.bin\next.cmd build > build-output.txt 2>&1  ...
+                 ~~~~~~~~~~~~~~~~~~~~~~~~~~~~~~~~~~~~~~~~~~~~~~~~~~~~~~~~
    + CategoryInfo          : NotSpecified: ( Ô¿» ESLint: Fa...\.eslintrc.json 
   :String) [], RemoteException
    + FullyQualifiedErrorId : NativeCommandError
 
   Collecting page data ...
   Generating static pages (0/38) ...

   Generating static pages (9/38) 

   Generating static pages (18/38) 

   Generating static pages (28/38) 

 Ô£ô Generating static pages (38/38) 
   Finalizing page optimization ...
   Collecting build traces ...

Route (app)                              Size     First Load JS
Ôöî Ôùï /                                    380 B          80.8 kB
Ôö£ Ôùï /_not-found                          882 B          81.3 kB
Ôö£ Ôùï /analytics                           120 kB          201 kB
Ôö£ ╬╗ /api/analytics/agents                0 B                0 B
Ôö£ ╬╗ /api/analytics/summary               0 B                0 B
Ôö£ ╬╗ /api/auth/login                      0 B                0 B
Ôö£ ╬╗ /api/communicate/email               0 B                0 B
Ôö£ ╬╗ /api/communicate/sms                 0 B                0 B
Ôö£ ╬╗ /api/countries                       0 B                0 B
Ôö£ ╬╗ /api/customers                       0 B                0 B
Ôö£ ╬╗ /api/customers/[customerId]          0 B                0 B
Ôö£ ╬╗ /api/dashboard                       0 B                0 B
Ôö£ ╬╗ /api/dashboard/live                  0 B                0 B
Ôö£ ╬╗ /api/dashboard/sla                   0 B                0 B
Ôö£ Ôùï /api/health-check                    0 B                0 B
Ôö£ ╬╗ /api/interactions                    0 B                0 B
Ôö£ ╬╗ /api/qa/late-transfers               0 B                0 B
Ôö£ ╬╗ /api/settings/alerts                 0 B                0 B
Ôö£ ╬╗ /api/settings/alerts/[id]            0 B                0 B
Ôö£ ╬╗ /api/sync/customers                  0 B                0 B
Ôö£ ╬╗ /api/sync/logs                       0 B                0 B
Ôö£ ╬╗ /api/sync/transfers                  0 B                0 B
Ôö£ ╬╗ /api/tasks                           0 B                0 B
Ôö£ ╬╗ /api/templates                       0 B                0 B
Ôö£ ╬╗ /api/templates/[id]                  0 B                0 B
Ôö£ ╬╗ /api/transfers/[customerId]          0 B                0 B
Ôö£ ╬╗ /api/users                           0 B                0 B
Ôö£ ╬╗ /api/users/[id]                      0 B                0 B
Ôö£ ╬╗ /api/users/[id]/password             0 B                0 B
Ôö£ ╬╗ /api/webhooks/backoffice/sync        0 B                0 B
Ôö£ ╬╗ /api/webhooks/backoffice/transfers   0 B                0 B
Ôö£ Ôùï /automations                         3.11 kB        83.6 kB
Ôö£ ╬╗ /customer/[id]                       8.96 kB        89.4 kB
Ôö£ Ôùï /dashboard                           6.19 kB        86.6 kB
Ôö£ Ôùï /directory                           5.38 kB        85.8 kB
Ôö£ Ôùï /login                               3.2 kB         83.6 kB
Ôö£ Ôùï /my-tasks                            5.84 kB        86.3 kB
Ôö£ Ôùï /qa-transfers                        3.66 kB        92.3 kB
Ôö£ Ôùï /settings/alerts                     5.68 kB        86.1 kB
Ôö£ Ôùï /sync                                5.29 kB        85.7 kB
Ôö£ Ôùï /team                                5.43 kB        85.9 kB
Ôöö Ôùï /templates                           4.97 kB        85.4 kB
+ First Load JS shared by all            80.4 kB
  Ôö£ chunks/472-bde5a0738019931f.js       27.5 kB
  Ôö£ chunks/fd9d1056-9e8f7c9003ca041e.js  50.9 kB
  Ôö£ chunks/main-app-4e8535390d7adb93.js  232 B
  Ôöö chunks/webpack-a0cbb913566a1635.js   1.79 kB


╬╗  (Server)  server-side renders at runtime (uses getInitialProps or getServerSideProps)
Ôùï  (Static)  automatically rendered as static HTML (uses no initial props)

